
Home@DESKTOP-R1151H1 MINGW64 /d/GTM_PS_Batch08 (main)
$ git pull
remote: Enumerating objects: 5, done.
remote: Counting objects: 100% (5/5), done.
remote: Compressing objects: 100% (1/1), done.
remote: Total 4 (delta 1), reused 4 (delta 1), pack-reused 0 (from 0)
Unpacking objects: 100% (4/4), 307 bytes | 11.00 KiB/s, done.
From https://github.com/sqatools/GTM_PS_Batch08
   6ae5413..20bedf2  main               -> origin/main
 * [new branch]      Aisshwarya_feature_branch -> origin/Aisshwarya_feature_bran
ch
 * [new branch]      Anu_Feature1       -> origin/Anu_Feature1
 * [new branch]      Dharmandra_Feature -> origin/Dharmandra_Feature
 * [new branch]      Huma_newfeatures   -> origin/Huma_newfeatures
 * [new branch]      Kartik_Features    -> origin/Kartik_Features
 * [new branch]      Sashi_Feature      -> origin/Sashi_Feature
 * [new branch]      Sheetal_Feature    -> origin/Sheetal_Feature
 * [new branch]      Shilpi_feature     -> origin/Shilpi_feature
 * [new branch]      Sidhant_feature    -> origin/Sidhant_feature
 * [new branch]      deepesh_feature    -> origin/deepesh_feature
 * [new branch]      hema_feature       -> origin/hema_feature
 * [new branch]      manoj_feature      -> origin/manoj_feature
 * [new branch]      ravi_feature       -> origin/ravi_feature
 * [new branch]      shankar_feature    -> origin/shankar_feature
 * [new branch]      vishal_codes       -> origin/vishal_codes
Updating 6ae5413..20bedf2
Fast-forward
 Kartik/file 1.txt | 1 +
 1 file changed, 1 insertion(+)
 create mode 100644 Kartik/file 1.txt

Home@DESKTOP-R1151H1 MINGW64 /d/GTM_PS_Batch08 (main)
$ git pull
Already up to date.

Home@DESKTOP-R1151H1 MINGW64 /d/GTM_PS_Batch08 (main)
$ git branch:
git: 'branch:' is not a git command. See 'git --help'.

The most similar command is
        branch

Home@DESKTOP-R1151H1 MINGW64 /d/GTM_PS_Batch08 (main)
$ git branch
* main

Home@DESKTOP-R1151H1 MINGW64 /d/GTM_PS_Batch08 (main)
$ git checkout shankar_feature
branch 'shankar_feature' set up to track 'origin/shankar_feature'.
Switched to a new branch 'shankar_feature'

Home@DESKTOP-R1151H1 MINGW64 /d/GTM_PS_Batch08 (shankar_feature)
$ git branch
  main
* shankar_feature

Home@DESKTOP-R1151H1 MINGW64 /d/GTM_PS_Batch08 (shankar_feature)
$ git status
On branch shankar_feature
Your branch is up to date with 'origin/shankar_feature'.

Untracked files:
  (use "git add <file>..." to include in what will be committed)
        shankar/shankar_feature_file.txt

nothing added to commit but untracked files present (use "git add" to track)

Home@DESKTOP-R1151H1 MINGW64 /d/GTM_PS_Batch08 (shankar_feature)
$ git add^C

Home@DESKTOP-R1151H1 MINGW64 /d/GTM_PS_Batch08 (shankar_feature)
$ git add ^[[200~ shankar/shankar_feature_file.txt~
fatal: pathspec '?[200~' did not match any files

Home@DESKTOP-R1151H1 MINGW64 /d/GTM_PS_Batch08 (shankar_feature)
$ git add shankar/shankar_feature_file.txt

Home@DESKTOP-R1151H1 MINGW64 /d/GTM_PS_Batch08 (shankar_feature)
$ git status
On branch shankar_feature
Your branch is up to date with 'origin/shankar_feature'.

Changes to be committed:
  (use "git restore --staged <file>..." to unstage)
        new file:   shankar/shankar_feature_file.txt


Home@DESKTOP-R1151H1 MINGW64 /d/GTM_PS_Batch08 (shankar_feature)
$ git commit -m "feature file adding"
[shankar_feature 5eac8e2] feature file adding
 1 file changed, 58 insertions(+)
 create mode 100644 shankar/shankar_feature_file.txt

Home@DESKTOP-R1151H1 MINGW64 /d/GTM_PS_Batch08 (shankar_feature)
$ git push
Enumerating objects: 6, done.
Counting objects: 100% (6/6), done.
Delta compression using up to 4 threads
Compressing objects: 100% (4/4), done.
Writing objects: 100% (4/4), 1.01 KiB | 519.00 KiB/s, done.
Total 4 (delta 1), reused 0 (delta 0), pack-reused 0 (from 0)
remote: Resolving deltas: 100% (1/1), completed with 1 local object.
To https://github.com/sqatools/GTM_PS_Batch08.git
   20bedf2..5eac8e2  shankar_feature -> shankar_feature

Home@DESKTOP-R1151H1 MINGW64 /d/GTM_PS_Batch08 (shankar_feature)
$ git status
On branch shankar_feature
Your branch is up to date with 'origin/shankar_feature'.

nothing to commit, working tree clean

Home@DESKTOP-R1151H1 MINGW64 /d/GTM_PS_Batch08 (shankar_feature)
$ git pull
remote: Enumerating objects: 92, done.
remote: Counting objects: 100% (62/62), done.
remote: Compressing objects: 100% (39/39), done.
remote: Total 92 (delta 30), reused 34 (delta 18), pack-reused 30 (from 1)
Unpacking objects: 100% (92/92), 19.31 KiB | 40.00 KiB/s, done.
From https://github.com/sqatools/GTM_PS_Batch08
   20bedf2..322ee33  Aisshwarya_feature_branch -> origin/Aisshwarya_feature_branch
   20bedf2..78c7bf9  Huma_newfeatures   -> origin/Huma_newfeatures
   20bedf2..df16800  Kartik_Features    -> origin/Kartik_Features
   20bedf2..a8ce72e  Sashi_Feature      -> origin/Sashi_Feature
   20bedf2..e68129d  Sheetal_Feature    -> origin/Sheetal_Feature
   20bedf2..82cdaac  Shilpi_feature     -> origin/Shilpi_feature
   20bedf2..0e35d34  Sidhant_feature    -> origin/Sidhant_feature
 * [new branch]      anu_feature1       -> origin/anu_feature1
 * [new branch]      dharmandra_feature -> origin/dharmandra_feature
   20bedf2..d04c79c  hema_feature       -> origin/hema_feature
   20bedf2..6c3f461  main               -> origin/main
   20bedf2..f44f52e  manoj_feature      -> origin/manoj_feature
   20bedf2..ba4d46a  ravi_feature       -> origin/ravi_feature
   20bedf2..af688a4  vishal_codes       -> origin/vishal_codes
Already up to date.

Home@DESKTOP-R1151H1 MINGW64 /d/GTM_PS_Batch08 (shankar_feature)
$ git branch
  main
* shankar_feature

Home@DESKTOP-R1151H1 MINGW64 /d/GTM_PS_Batch08 (shankar_feature)
$ git checkout main
Switched to branch 'main'
Your branch is behind 'origin/main' by 31 commits, and can be fast-forwarded.
  (use "git pull" to update your local branch)

Home@DESKTOP-R1151H1 MINGW64 /d/GTM_PS_Batch08 (main)
$ git branch
* main
  shankar_feature

Home@DESKTOP-R1151H1 MINGW64 /d/GTM_PS_Batch08 (main)
$ git pull
From https://github.com/sqatools/GTM_PS_Batch08
 * [new branch]      Anu_Feature1       -> origin/Anu_Feature1
 * [new branch]      Dharmandra_Feature -> origin/Dharmandra_Feature
Updating 20bedf2..6c3f461
Fast-forward
 Aisshwarya/Aissh_feature.txt                |  1 +
 DHKUMA/f2.txt                               |  0
 DHKUMA/feature_branch.txt                   |  0
 Deepesh/deepesh_feature_branch_file.txt     |  1 +
 Hema/hema_feature_branch_file.txt           |  1 +
 HumaK/Humafeaturefile.txt                   |  1 +
 Kartik/Feature_kartik_branch.txt            |  1 +
 Ravi/Ravi feature file.txt                  |  1 +
 Sashi/MultiBranching.txt                    |  1 +
 Sheetal/Sheetal_Feature_Branch.txt          |  0
 Shilpi/Shilpi 2nd feature file-8thJan25.txt |  1 +
 Shilpi/Shilpi feature file-8thJan25.txt     |  0
 Sidhant/Sidhant_feature_branch_file.txt     |  0
 Vishal/vishal_codes.txt                     |  1 +
 manoj/manoj_feature_branch_file.txt         |  1 +
 shankar/shankar_feature_file.txt            | 58 +++++++++++++++++++++++++++++
 16 files changed, 68 insertions(+)
 create mode 100644 Aisshwarya/Aissh_feature.txt
 create mode 100644 DHKUMA/f2.txt
 create mode 100644 DHKUMA/feature_branch.txt
 create mode 100644 Deepesh/deepesh_feature_branch_file.txt
 create mode 100644 Hema/hema_feature_branch_file.txt
 create mode 100644 HumaK/Humafeaturefile.txt
 create mode 100644 Kartik/Feature_kartik_branch.txt
 create mode 100644 Ravi/Ravi feature file.txt
 create mode 100644 Sashi/MultiBranching.txt
 create mode 100644 Sheetal/Sheetal_Feature_Branch.txt
 create mode 100644 Shilpi/Shilpi 2nd feature file-8thJan25.txt
 create mode 100644 Shilpi/Shilpi feature file-8thJan25.txt
 create mode 100644 Sidhant/Sidhant_feature_branch_file.txt
 create mode 100644 Vishal/vishal_codes.txt
 create mode 100644 manoj/manoj_feature_branch_file.txt
 create mode 100644 shankar/shankar_feature_file.txt

Home@DESKTOP-R1151H1 MINGW64 /d/GTM_PS_Batch08 (main)
$ git pull
From https://github.com/sqatools/GTM_PS_Batch08
 * [new branch]      anu_feature1       -> origin/anu_feature1
 * [new branch]      dharmandra_feature -> origin/dharmandra_feature
Already up to date.

Home@DESKTOP-R1151H1 MINGW64 /d/GTM_PS_Batch08 (main)
$ git pull
From https://github.com/sqatools/GTM_PS_Batch08
 * [new branch]      Anu_Feature1       -> origin/Anu_Feature1
 * [new branch]      Dharmandra_Feature -> origin/Dharmandra_Feature
Already up to date.

Home@DESKTOP-R1151H1 MINGW64 /d/GTM_PS_Batch08 (main)
$ ls
Aisshwarya/  Deepesh/  Kartik/    Sashi/    Sidhant/  shankar/
Anupama/     Hema/     README.md  Sheetal/  Vishal/   shankar_k.txt
DHKUMA/      HumaK/    Ravi/      Shilpi/   manoj/

Home@DESKTOP-R1151H1 MINGW64 /d/GTM_PS_Batch08 (main)
$ git help
usage: git [-v | --version] [-h | --help] [-C <path>] [-c <name>=<value>]
           [--exec-path[=<path>]] [--html-path] [--man-path] [--info-path]
           [-p | --paginate | -P | --no-pager] [--no-replace-objects] [--no-lazy-fetch]
           [--no-optional-locks] [--no-advice] [--bare] [--git-dir=<path>]
           [--work-tree=<path>] [--namespace=<name>] [--config-env=<name>=<envvar>]
           <command> [<args>]

These are common Git commands used in various situations:

start a working area (see also: git help tutorial)
   clone      Clone a repository into a new directory
   init       Create an empty Git repository or reinitialize an existing one

work on the current change (see also: git help everyday)
   add        Add file contents to the index
   mv         Move or rename a file, a directory, or a symlink
   restore    Restore working tree files
   rm         Remove files from the working tree and from the index

examine the history and state (see also: git help revisions)
   bisect     Use binary search to find the commit that introduced a bug
   diff       Show changes between commits, commit and working tree, etc
   grep       Print lines matching a pattern
   log        Show commit logs
   show       Show various types of objects
   status     Show the working tree status

grow, mark and tweak your common history
   backfill   Download missing objects in a partial clone
   branch     List, create, or delete branches
   commit     Record changes to the repository
   merge      Join two or more development histories together
   rebase     Reapply commits on top of another base tip
   reset      Reset current HEAD to the specified state
   switch     Switch branches
   tag        Create, list, delete or verify a tag object signed with GPG

collaborate (see also: git help workflows)
   fetch      Download objects and refs from another repository
   pull       Fetch from and integrate with another repository or a local branch
   push       Update remote refs along with associated objects

'git help -a' and 'git help -g' list available subcommands and some
concept guides. See 'git help <command>' or 'git help <concept>'
to read about a specific subcommand or concept.
See 'git help git' for an overview of the system.

Home@DESKTOP-R1151H1 MINGW64 /d/GTM_PS_Batch08 (main)
$ git rm shankar_k.txt
rm 'shankar_k.txt'

Home@DESKTOP-R1151H1 MINGW64 /d/GTM_PS_Batch08 (main)
$ git status
On branch main
Your branch is up to date with 'origin/main'.

Changes to be committed:
  (use "git restore --staged <file>..." to unstage)
        deleted:    shankar_k.txt


Home@DESKTOP-R1151H1 MINGW64 /d/GTM_PS_Batch08 (main)
$ ls
Aisshwarya/  DHKUMA/   Hema/   Kartik/    Ravi/   Sheetal/  Sidhant/  manoj/
Anupama/     Deepesh/  HumaK/  README.md  Sashi/  Shilpi/   Vishal/   shankar/

Home@DESKTOP-R1151H1 MINGW64 /d/GTM_PS_Batch08 (main)
$ git pull
From https://github.com/sqatools/GTM_PS_Batch08
 * [new branch]      anu_feature1       -> origin/anu_feature1
 * [new branch]      dharmandra_feature -> origin/dharmandra_feature
Already up to date.

Home@DESKTOP-R1151H1 MINGW64 /d/GTM_PS_Batch08 (main)
$ ^C

Home@DESKTOP-R1151H1 MINGW64 /d/GTM_PS_Batch08 (main)
$
